ViSNet-PIMA reproduction results
Results directory: /workspace/results

MD22 in Table 1
+------------------------+-------------------------+--------------------------+
| Dataset                |  Energy MAE (kcal/mol)  |  Force MAE (kcal/mol/Å)  |
+========================+=========================+==========================+
| Ac-Ala3-NHMe           |         0.0530          |          0.0744          |
| DHA                    |         0.0784          |          0.0534          |
| Stachyose              |         0.0843          |          0.0677          |
| AT-AT                  |         0.0772          |          0.0781          |
| AT-AT-CG-CG            |         0.1571          |          0.1142          |
| Buckyball catcher      |         0.2032          |          0.0935          |
| Double-walled nanotube |         0.4522          |          0.2243          |
+------------------------+-------------------------+--------------------------+

AIMD-Chig in Fig. 2a and Fig. 2b
+-----------+-------------------------+--------------------------+
| Dataset   |  Energy MAE (kcal/mol)  |  Force MAE (kcal/mol/Å)  |
+===========+=========================+==========================+
| Chignolin |         1.9873          |          0.4798          |
+-----------+-------------------------+--------------------------+

Trp-cage learning curve and ablation study in Table S6 and Fig. S8
+------------------------------------+--------------------+---------------------+
| Model                              |  Scalar MAE (meV)  |  Force MAE (meV/Å)  |
+====================================+====================+=====================+
| 20% finetuned with pretraining     |       149.12       |        29.05        |
| 40% finetuned with pretraining     |       121.24       |        25.00        |
| 60% finetuned with pretraining     |       110.08       |        22.88        |
| 80% finetuned with pretraining     |       103.63       |        21.68        |
| 100% finetuned with pretraining    |       94.53        |        20.71        |
| 100% finetuned without pretraining |       145.38       |        25.91        |
+------------------------------------+--------------------+---------------------+

NCI Atlas interaction energies in Extended Data Table 4
+----------------+------------------+-------------------+
| Subset         |  MAE (kcal/mol)  |  RMSE (kcal/mol)  |
+================+==================+===================+
| D1200          |       1.78       |       4.28        |
| D442x10        |       1.89       |       4.96        |
| HB300SPXx10    |       1.79       |       3.04        |
| HB375x10       |       0.28       |       0.45        |
| IHB100x10      |       4.87       |       8.26        |
| R739x5         |       0.96       |       1.82        |
| SH250x10       |       6.73       |       18.37       |
| weighted_total |       2.03       |       6.92        |
+----------------+------------------+-------------------+

Run 1000 steps with AI2BMD-PIAM
Running ViSNet-PIMA for simulation...
DeviceStrategy: setting strategy to [large-molecule / combined]
DeviceStrategy: Warning: libgomp bug detected. Lowering torch thread count to 1!
Preprocessing step already done, skip...
run_preprocess takes 0.001977205276489258 seconds
Loading models...
Initializing tinker...
Initializing tinker...
Pre-equilibration step already done, skip...
Start simulation for 1000 steps
Step 0:  Epot = -200359.406eV  Ekin = 787.152eV (T = 294K)  Etot = -199572.254eV
Step 100:  Epot = -200354.109eV  Ekin = 781.670eV (T = 292K)  Etot = -199572.439eV
Step 200:  Epot = -200351.672eV  Ekin = 777.829eV (T = 290K)  Etot = -199573.843eV
Step 300:  Epot = -200350.234eV  Ekin = 779.290eV (T = 291K)  Etot = -199570.944eV
Step 400:  Epot = -200349.859eV  Ekin = 780.832eV (T = 291K)  Etot = -199569.028eV
Step 500:  Epot = -200353.578eV  Ekin = 782.930eV (T = 292K)  Etot = -199570.648eV
Step 600:  Epot = -200353.125eV  Ekin = 785.199eV (T = 293K)  Etot = -199567.926eV
Step 700:  Epot = -200344.359eV  Ekin = 778.630eV (T = 290K)  Etot = -199565.729eV
Step 800:  Epot = -200348.469eV  Ekin = 784.649eV (T = 293K)  Etot = -199563.820eV
Step 900:  Epot = -200346.938eV  Ekin = 783.814eV (T = 292K)  Etot = -199563.124eV
Step 1000:  Epot = -200346.234eV  Ekin = 786.014eV (T = 293K)  Etot = -199560.221eV
Simulation finished!
Building PDB trajectory from trajectory...
Done building PDB trajectory.
Successfully finished running the simulation.
