DeviceStrategy: setting strategy to [large-molecule / combined]
DeviceStrategy: Warning: libgomp bug detected. Lowering torch thread count to 1!
Preprocessing step already done, skip...
run_preprocess takes 0.025568485260009766 seconds
Loading models...
Initializing tinker...
Initializing tinker...
Pre-equilibration step already done, skip...
Start simulation for 1000 steps
Step 0:  Epot = -129871.825eV  Ekin = 701.492eV (T = 293K)  Etot = -129170.333eV
Step 100:  Epot = -129873.471eV  Ekin = 704.749eV (T = 295K)  Etot = -129168.721eV
Step 200:  Epot = -129868.808eV  Ekin = 698.446eV (T = 292K)  Etot = -129170.362eV
Step 300:  Epot = -129873.803eV  Ekin = 702.386eV (T = 294K)  Etot = -129171.418eV
Step 400:  Epot = -129860.910eV  Ekin = 692.564eV (T = 290K)  Etot = -129168.345eV
Step 500:  Epot = -129864.125eV  Ekin = 700.243eV (T = 293K)  Etot = -129163.882eV
Step 600:  Epot = -129860.520eV  Ekin = 695.206eV (T = 291K)  Etot = -129165.314eV
Step 700:  Epot = -129864.359eV  Ekin = 702.583eV (T = 294K)  Etot = -129161.776eV
Step 800:  Epot = -129860.883eV  Ekin = 702.484eV (T = 294K)  Etot = -129158.399eV
Step 900:  Epot = -129862.265eV  Ekin = 705.269eV (T = 295K)  Etot = -129156.997eV
Step 1000:  Epot = -129867.511eV  Ekin = 707.229eV (T = 296K)  Etot = -129160.282eV
Simulation finished!
Building PDB trajectory from trajectory...
Done building PDB trajectory.
